<html>
<body>
<pre>
<h1>�Vision Build Log</h1>
<h2>Tool Versions:</h2>
IDE-Version: �Vision V5.28.0.0
Copyright (C) 2019 ARM Ltd and ARM Germany GmbH. All rights reserved.
License Information: Dmitry Panov, VSTU, LIC=----
 
Tool Versions:
Toolchain:       MDK-Lite  Version: 5.28.0.0
Toolchain Path:  C:\Keil_v5\ARM\ARMCC\Bin
C Compiler:      Armcc.exe V5.06 update 6 (build 750)
Assembler:       Armasm.exe V5.06 update 6 (build 750)
Linker/Locator:  ArmLink.exe V5.06 update 6 (build 750)
Library Manager: ArmAr.exe V5.06 update 6 (build 750)
Hex Converter:   FromElf.exe V5.06 update 6 (build 750)
CPU DLL:         SARMCM3.DLL V5.28.0.0
Dialog DLL:      DCM.DLL V1.17.3.0
Target DLL:      STLink\ST-LINKIII-KEIL_SWO.dll V3.0.6.0
Dialog DLL:      TCM.DLL V1.36.2.0
 
<h2>Project:</h2>
C:\Users\pan12\CubeMX\JoyStick_NRF24L01P\MDK-ARM\JoyStick_NRF24L01P.uvprojx
Project File Date:  03/18/2020

<h2>Output:</h2>
*** Using Compiler 'V5.06 update 6 (build 750)', folder: 'C:\Keil_v5\ARM\ARMCC\Bin'
Build target 'JoyStick_NRF24L01P'
compiling main.c...
../Inc/nrf24l01.h(149): warning:  #1295-D: Deprecated declaration isChipConnected - give arg types
  bool isChipConnected();
../Inc/nrf24l01.h(161): warning:  #1295-D: Deprecated declaration whatHappened - give arg types
  uint8_t whatHappened();
../Inc/nrf24l01.h(175): warning:  #1295-D: Deprecated declaration enableDynamicAck - give arg types
  void enableDynamicAck();
../Src/main.c(345): warning:  #177-D: variable "remsg"  was declared but never referenced
  		uint8_t remsg = 0; // переменнаѿ длѿ приёма байта пришедшего вмеѿте ѿ ответом
../Src/main.c: 4 warnings, 0 errors
linking...
Program Size: Code=7820 RO-data=292 RW-data=32 ZI-data=1232  
FromELF: creating hex file...
"JoyStick_NRF24L01P\JoyStick_NRF24L01P.axf" - 0 Error(s), 4 Warning(s).

<h2>Software Packages used:</h2>

Package Vendor: ARM
                http://www.keil.com/pack/ARM.CMSIS.5.5.1.pack
                ARM.CMSIS.5.5.1
                CMSIS (Cortex Microcontroller Software Interface Standard)
   * Component: CORE Version: 5.2.0

Package Vendor: Keil
                http://www.keil.com/pack/Keil.STM32F1xx_DFP.2.3.0.pack
                Keil.STM32F1xx_DFP.2.3.0
                STMicroelectronics STM32F1 Series Device Support, Drivers and Examples

<h2>Collection of Component include folders:</h2>
  .\RTE\_JoyStick_NRF24L01P
  C:\Users\pan12\AppData\Local\Arm\Packs\ARM\CMSIS\5.5.1\CMSIS\Core\Include
  C:\Users\pan12\AppData\Local\Arm\Packs\Keil\STM32F1xx_DFP\2.3.0\Device\Include

<h2>Collection of Component Files used:</h2>

   * Component: ARM::CMSIS:CORE:5.2.0
Build Time Elapsed:  00:00:02
</pre>
</body>
</html>
